src/controllers/claimController.ts(73,16): error TS2322: Type 'string | string[]' is not assignable to type 'string | undefined'.
  Type 'string[]' is not assignable to type 'string'.
src/controllers/claimController.ts(81,15): error TS2339: Property 'item' does not exist on type '{ id: string; createdAt: Date; status: ClaimStatus; itemId: string; claimerId: string; proofText: string; }'.
src/controllers/claimController.ts(86,16): error TS2322: Type 'string | string[]' is not assignable to type 'string | undefined'.
  Type 'string[]' is not assignable to type 'string'.
src/controllers/claimController.ts(99,49): error TS2339: Property 'item' does not exist on type '{ id: string; createdAt: Date; status: ClaimStatus; itemId: string; claimerId: string; proofText: string; }'.
src/controllers/itemController.ts(13,21): error TS2353: Object literal may only specify known properties, and 'required_error' does not exist in type '{ error?: string | $ZodErrorMap<$ZodIssueInvalidType<unknown>> | undefined; message?: string | undefined; }'.
src/controllers/itemController.ts(14,21): error TS2353: Object literal may only specify known properties, and 'required_error' does not exist in type '{ error?: string | $ZodErrorMap<$ZodIssueInvalidType<unknown>> | undefined; message?: string | undefined; }'.
src/controllers/itemController.ts(80,16): error TS2322: Type 'string | string[]' is not assignable to type 'string | undefined'.
  Type 'string[]' is not assignable to type 'string'.
src/middlewares/validate.ts(15,82): error TS2339: Property 'errors' does not exist on type 'ZodError<unknown>'.
